
select initcap(lstg_format_name) a
from test_kylin_fact