
select INITCAP(SUBSTR(lstg_format_name,2)) a from test_kylin_fact